// Jest Snapshot v1, https://goo.gl/fbAQLP

exports[`requestPosts Saga should call the getPostsError action if the response errors 1`] = `
Object {
  "@@redux-saga/IO": true,
  "combinator": false,
  "payload": Object {
    "action": Object {
      "posts": Array [
        Object {
          "id": 1,
          "text": "Hello World!",
        },
        Object {
          "id": 2,
          "text": "How are you?",
        },
      ],
      "type": "rbp-messages/App/GET_POSTS_SUCCESS",
    },
    "channel": undefined,
  },
  "type": "PUT",
}
`;

exports[`requestPosts Saga should call the getPostsError action if the response errors 2`] = `undefined`;

exports[`requestPosts Saga should dispatch the getPostsSuccess action if it requests the data successfully 1`] = `
Object {
  "@@redux-saga/IO": true,
  "combinator": false,
  "payload": Object {
    "action": Object {
      "posts": Array [
        Object {
          "id": 1,
          "text": "Hello World!",
        },
        Object {
          "id": 2,
          "text": "How are you?",
        },
      ],
      "type": "rbp-messages/App/GET_POSTS_SUCCESS",
    },
    "channel": undefined,
  },
  "type": "PUT",
}
`;

exports[`requestPosts Saga should dispatch the getPostsSuccess action if it requests the data successfully 2`] = `undefined`;
